// Jest Snapshot v1, https://goo.gl/fbAQLP

exports[`Title Matches snapshot 1`] = `
<a
  className="jsx-3033568672"
  href="/athlete"
  onClick={[Function]}
  onMouseEnter={[Function]}
>
  <div
    className="StyledBox-sc-13pk1d4-0 jCbcwt"
  >
    <svg
      fill="#fff"
      height={42}
      viewBox="0 0 160 205"
      width={42}
      xmlns="http://www.w3.org/2000/svg"
    >
      <path
        d="M54.715 146.293H42.7V167h-6.785v-51.188H52.85c5.766 0 10.195 1.313 13.3 3.938 3.117 2.625 4.676 6.445 4.676 11.46 0 3.187-.867 5.965-2.602 8.332-1.7 2.367-4.102 4.137-7.172 5.3l12.023 21.726V167h-7.242l-11.1-20.707zm-12.023-5.52h10.37c3.352 0 6.012-.867 7.98-2.6 1.992-1.734 2.988-4.055 2.988-6.96 0-3.164-.95-5.6-2.848-7.277-1.875-1.688-4.594-2.543-8.156-2.567H42.7v19.406zM156.312 205h-17.296L21.313 29.78V205H3.875V.25h17.438L139.157 175.6V.25h17.156V205zM107.64 51.43l12.27-19.617h7.945l-16.17 25.383L128.242 83h-8.015L107.64 63.03 94.984 83h-7.98l16.594-25.805L87.4 31.813h7.9l12.34 19.617z"
      />
    </svg>
    <h1
      className="StyledHeading-sc-1rdh4aw-0 kBxQZt"
      size="small"
    >
      NextRX
    </h1>
  </div>
</a>
`;
